
          -------------------------------------------------------
          Amber 24 PMEMD                              2024
          -------------------------------------------------------

| PMEMD implementation of SANDER, Release 24

|  Compiled date/time: Wed Jan 15 09:38:10 2025
| Run on 06/21/2025 at 15:19:06

|   Executable path: pmemd.MPI
| Working directory: /oak/stanford/groups/rondror/users/yuzhuang/software/batter/batter/tests/pipeline/test_pipeline/equil/pose0
|          Hostname: sh03-11n04.int

  [-O]verwriting output

File Assignments:
|   MDIN: eqnpt0.in                                                             
|  MDOUT: eqnpt_pre.out                                                         
| INPCRD: eqnvt.rst7                                                            
|   PARM: full.hmr.prmtop                                                       
| RESTRT: eqnpt_pre.rst7                                                        
|   REFC: eqnvt.rst7                                                            
|  MDVEL: mdvel                                                                 
|   MDEN: mden                                                                  
|  MDCRD: eqnpt_pre.nc                                                          
| MDINFO: mdinfo                                                                
|LOGFILE: logfile                                                               
|  MDFRC: mdfrc                                                                 


 Here is the input file:

*******************************************************                        
*****************************       eqnpt.in                                   
*******************************************************                        
Equilibrate, NPT.                                                              
 &cntrl                                                                        
  imin = 0,                                                                    
  ntx = 1,                                                                     
  ntxo = 1,                                                                    
  irest = 0,                                                                   
  ntpr = 1000,                                                                 
  ntwr = 1000,                                                                 
  ntwx = 1000,                                                                 
  ioutfm = 1,                                                                  
  iwrap = 1,                                                                   
  ntf = 1,                                                                     
  ntc = 2,                                                                     
  cut = 9.0,                                                                   
  ntt = 3,                                                                     
  temp0 = 310.0,                                                               
  gamma_ln = 1.0,                                                              
  ig = -1,                                                                     
  ntp = 3,                                                                     
  csurften = 3,                                                                
  mcbarint = 10,                                                               
  barostat = 1,                                                                
  nstlim = 3000,                                                               
  dt = 0.001,                                                                  
  nmropt = 0,                                                                  
  pencut = -1,                                                                 
  ntr = 1,                                                                     
  restraint_wt = 50.0,                                                         
  restraintmask = '(@CA,C,N,P31 | :g1i) & !@H=',                               
  infe = 0,                                                                    
 /                                                                             
 &pmd                                                                          
 output_file = 'cmass.txt'                                                     
 output_freq = 1000                                                            
 cv_file = 'cv.in'                                                             
 /                                                                             
 &wt type = 'END', /                                                           
DISANG=disang.rest                                                             
LISTOUT=POUT                                                                   
                                                                               


Note: ig = -1. Setting random seed to   239672 based on wallclock time in
      microseconds and disabling the synchronization of random numbers 
      between tasks to improve performance.
| irandom = 1, using AMBER's internal random number generator (default).
 
 
| Conditional Compilation Defines Used:
| MPI
| PUBFFT
| BINTRAJ
| EMIL

| Largest sphere to fit in unit cell has radius =    42.493

| New format PARM file being parsed.
| Version =    1.000 Date = 06/21/25 Time = 15:05:26

| Note: 1-4 EEL scale factors are being read from the topology file.

| Note: 1-4 VDW scale factors are being read from the topology file.
| Duplicated    0 dihedrals

| Duplicated    0 dihedrals

--------------------------------------------------------------------------------
   1.  RESOURCE   USE: 
--------------------------------------------------------------------------------

 getting new box info from bottom of inpcrd
 NATOM  =   79056 NTYPES =      31 NBONH =   67649 MBONA  =   11189
 NTHETH =   39394 MTHETA =   13431 NPHIH =   68217 MPHIA  =   45151
 NHPARM =       0 NPARM  =       0 NNB   =  223427 NRES   =   17943
 NBONA  =   11189 NTHETA =   13431 NPHIA =   45151 NUMBND =      97
 NUMANG =     210 NPTRA  =     269 NATYP =      63 NPHB   =       0
 IFBOX  =       1 NMXRS  =      50 IFCAP =       0 NEXTRA =       0
 NCOPY  =       0

| Coordinate Index Table dimensions:    17   15   20
| Direct force subcell size =     5.5300    5.6657    5.5684

     BOX TYPE: RECTILINEAR

--------------------------------------------------------------------------------
   2.  CONTROL  DATA  FOR  THE  RUN
--------------------------------------------------------------------------------

default_name                                                                    

General flags:
     imin    =       0, nmropt  =       0

Nature and format of input:
     ntx     =       1, irest   =       0, ntrx    =       1

Nature and format of output:
     ntxo    =       1, ntpr    =    1000, ntrx    =       1, ntwr    =    1000
     iwrap   =       1, ntwx    =    1000, ntwv    =       0, ntwe    =       0
     ioutfm  =       1, ntwprt  =       0, idecomp =       0, rbornstat=      0

Potential function:
     ntf     =       1, ntb     =       2, igb     =       0, nsnb    =      25
     ipol    =       0, gbsa    =       0, iesp    =       0
     dielc   =   1.00000, cut     =   9.00000, intdiel =   1.00000

Frozen or restrained atoms:
     ibelly  =       0, ntr     =       1
     restraint_wt =  50.00000

Molecular dynamics:
     nstlim  =      3000, nscm    =         0, nrespa  =         1
     t       =   0.00000, dt      =   0.00100, vlimit  =  20.00000

Langevin dynamics temperature regulation:
     ig      =  239672
     temp0   = 310.00000, tempi   =   0.00000, gamma_ln=   1.00000

Pressure regulation:
     ntp     =       3
     pres0   =   1.00000, comp    =  44.60000, taup    =   1.00000

Constant surface tension:
     csurften  =       3
     gamma_ten =   0.00000 ninterface =       2

SHAKE:
     ntc     =       2, jfastw  =       0
     tol     =   0.00001

| Intermolecular bonds treatment:
|     no_intermolecular_bonds =       1

| Energy averages sample interval:
|     ene_avg_sampling =    1000

Ewald parameters:
     verbose =       0, ew_type =       0, nbflag  =       1, use_pme =       1
     vdwmeth =       1, eedmeth =       1, netfrc  =       1
     Box X =   94.010   Box Y =   84.985   Box Z =  111.368
     Alpha =   90.000   Beta  =   90.000   Gamma =   90.000
     NFFT1 =   96       NFFT2 =   90       NFFT3 =  120
     Cutoff=    9.000   Tol   =0.100E-04
     Ewald Coefficient =  0.30768
     Interpolation order =    4

| PMEMD ewald parallel performance parameters:
|     block_fft =    0
|     fft_blk_y_divisor =    2
|     excl_recip =    0
|     excl_master =    0
|     atm_redist_freq =  320

    LOADING THE CONSTRAINED ATOMS AS GROUPS


   5.  REFERENCE ATOM COORDINATES

  default_name                                                                    
     Mask (@CA,C,N,P31 | :g1i) & !@H=; matches  1040 atoms

--------------------------------------------------------------------------------
   3.  ATOMIC COORDINATES AND VELOCITIES
--------------------------------------------------------------------------------

default_name                                                                    
 begin time read from input coords =    10.000 ps

 
 Number of triangulated 3-point waters found:    17035

     Sum of charges from parm topology file =   0.00200256
     Forcing neutrality...

| Dynamic Memory, Types Used:
| Reals             4359041
| Integers          6172855

| Nonbonded Pairs Initial Allocation:     5978115

| Running AMBER/MPI version on    4 MPI task

 
--------------------------------------------------------------------------------
   4.  RESULTS
--------------------------------------------------------------------------------

 ---------------------------------------------------
 APPROXIMATING switch and d/dx switch using CUBIC SPLINE INTERPOLATION
 using   5000.0 points per unit in tabled values
 TESTING RELATIVE ERROR over r ranging from 0.0 to cutoff
| CHECK switch(x): max rel err =   0.2738E-14   at   2.422500
| CHECK d/dx switch(x): max rel err =   0.8314E-11   at   2.736960
 ---------------------------------------------------
|---------------------------------------------------
| APPROXIMATING direct energy using CUBIC SPLINE INTERPOLATION
|  with   50.0 points per unit in tabled values
| Relative Error Limit not exceeded for r .gt.   2.39
| APPROXIMATING direct force using CUBIC SPLINE INTERPOLATION
|  with   50.0 points per unit in tabled values
| Relative Error Limit not exceeded for r .gt.   2.84
|---------------------------------------------------

 NSTEP =        0   TIME(PS) =       0.000  TEMP(K) =     0.00  PRESS = -2039.1
 Etot   =   -202685.1760  EKtot   =         0.0000  EPtot      =   -202685.1760
 BOND   =      3709.4114  ANGLE   =     13876.2919  DIHED      =     10973.2809
 1-4 NB =      3727.9935  1-4 EEL =    -12095.4378  VDWAALS    =     10863.5933
 EELEC  =   -233740.3092  EHBOND  =         0.0000  RESTRAINT  =         0.0000
 EKCMT  =         0.0000  VIRIAL  =     39173.3754  VOLUME     =    889767.9347
                                                    SURFTEN    =         0.0000
                                                    Density    =         0.8854
 Ewald error estimate:   0.5604E-04
 ------------------------------------------------------------------------------


 NSTEP =     1000   TIME(PS) =       1.000  TEMP(K) =   260.20  PRESS =  -544.3
 Etot   =   -174957.4968  EKtot   =     43825.5570  EPtot      =   -218783.0538
 BOND   =      3154.9342  ANGLE   =     11837.1644  DIHED      =     10518.1379
 1-4 NB =      3592.4366  1-4 EEL =    -12271.0604  VDWAALS    =     15227.5631
 EELEC  =   -251339.9550  EHBOND  =         0.0000  RESTRAINT  =       497.7256
 EAMBER (non-restraint)  =   -219280.7794
 EKCMT  =     13714.6351  VIRIAL  =     23634.4299  VOLUME     =    844068.5766
                                                    SURFTEN    =       -53.1916
                                                    Density    =         0.9333
 Ewald error estimate:   0.2875E-04
 ------------------------------------------------------------------------------


 NSTEP =     2000   TIME(PS) =       2.000  TEMP(K) =   288.61  PRESS =  -367.4
 Etot   =   -163906.8386  EKtot   =     48611.4377  EPtot      =   -212518.2763
 BOND   =      3500.8347  ANGLE   =     13288.3552  DIHED      =     10828.3282
 1-4 NB =      3703.5788  1-4 EEL =    -12193.4943  VDWAALS    =     13419.6481
 EELEC  =   -245587.2259  EHBOND  =         0.0000  RESTRAINT  =       521.6988
 EAMBER (non-restraint)  =   -213039.9751
 EKCMT  =     15027.5253  VIRIAL  =     21594.5919  VOLUME     =    827928.4576
                                                    SURFTEN    =      -235.5377
                                                    Density    =         0.9515
 Ewald error estimate:   0.1149E-03
 ------------------------------------------------------------------------------


 NSTEP =     3000   TIME(PS) =       3.000  TEMP(K) =   300.84  PRESS =  -227.1
 Etot   =   -159228.0369  EKtot   =     50670.9071  EPtot      =   -209898.9440
 BOND   =      3644.4246  ANGLE   =     13804.5365  DIHED      =     10919.0359
 1-4 NB =      3717.5921  1-4 EEL =    -12187.6848  VDWAALS    =     12698.1605
 EELEC  =   -243009.5071  EHBOND  =         0.0000  RESTRAINT  =       514.4983
 EAMBER (non-restraint)  =   -210413.4423
 EKCMT  =     15463.8948  VIRIAL  =     19481.1829  VOLUME     =    819125.7245
                                                    SURFTEN    =      -102.8126
                                                    Density    =         0.9617
 Ewald error estimate:   0.4942E-04
 ------------------------------------------------------------------------------


      A V E R A G E S   O V E R       3 S T E P S


 NSTEP =     3000   TIME(PS) =       3.000  TEMP(K) =   283.21  PRESS =  -379.6
 Etot   =   -166030.7908  EKtot   =     47702.6339  EPtot      =   -213733.4247
 BOND   =      3433.3978  ANGLE   =     12976.6854  DIHED      =     10755.1673
 1-4 NB =      3671.2025  1-4 EEL =    -12217.4132  VDWAALS    =     13781.7906
 EELEC  =   -246645.5627  EHBOND  =         0.0000  RESTRAINT  =       511.3075
 EAMBER (non-restraint)  =   -214244.7323
 EKCMT  =     14735.3517  VIRIAL  =     21570.0682  VOLUME     =    830374.2529
                                                    SURFTEN    =      -130.5140
                                                    Density    =         0.9488
 Ewald error estimate:   0.6434E-04
 ------------------------------------------------------------------------------


      R M S  F L U C T U A T I O N S


 NSTEP =     3000   TIME(PS) =       3.000  TEMP(K) =    17.02  PRESS =   129.8
 Etot   =      6594.8140  EKtot   =      2867.5364  EPtot      =      3727.3128
 BOND   =       205.4443  ANGLE   =       832.8633  DIHED      =       171.6473
 1-4 NB =        55.9890  1-4 EEL =        38.0084  VDWAALS    =      1063.9015
 EELEC  =      3482.2549  EHBOND  =         0.0000  RESTRAINT  =        10.0437
 EAMBER (non-restraint)  =      3717.2691
 EKCMT  =       743.4162  VIRIAL  =      1695.6447  VOLUME     =     10328.6948
                                                    SURFTEN    =        76.9764
                                                    Density    =         0.0118
 Ewald error estimate:   0.3670E-04
 ------------------------------------------------------------------------------

--------------------------------------------------------------------------------
   5.  TIMINGS
--------------------------------------------------------------------------------

|  NonSetup CPU Time in Major Routines, Average for All Tasks:
|
|     Routine           Sec        %
|     ------------------------------
|     DataDistrib       9.12    3.14
|     Nonbond         242.82   83.69
|     Bond              1.20    0.41
|     Angle             2.12    0.73
|     Dihedral         14.70    5.07
|     Shake             1.68    0.58
|     RunMD            18.44    6.36
|     Other             0.05    0.02
|     ------------------------------
|     Total           290.14

|  PME Nonbond Pairlist CPU Time, Average for All Tasks:
|
|     Routine              Sec        %
|     ---------------------------------
|     Set Up Cit           0.42    0.14
|     Build List          11.08    3.82
|     ---------------------------------
|     Total               11.49    3.96

|  PME Direct Force CPU Time, Average for All Tasks:
|
|     Routine              Sec        %
|     ---------------------------------
|     NonBonded Calc     177.56   61.20
|     Exclude Masked       3.71    1.28
|     Other                7.49    2.58
|     ---------------------------------
|     Total              188.76   65.06

|  PME Reciprocal Force CPU Time, Average for All Tasks:
|
|     Routine              Sec        %
|     ---------------------------------
|     1D bspline           6.51    2.24
|     Grid Charges         6.29    2.17
|     Scalar Sum           3.69    1.27
|     Gradient Sum         4.56    1.57
|     FFT                 21.52    7.42
|     ---------------------------------
|     Total               42.57   14.67

|  PME Load Balancing CPU Time, Average for All Tasks:
|
|     Routine                 Sec        %
|     ------------------------------------
|     Atom Reassign           0.00    0.00
|     Image Reassign          0.00    0.00
|     FFT Reassign            0.00    0.00
|     ------------------------------------
|     Total                   0.00    0.00

|  Final Performance Info:
|     -----------------------------------------------------
|     Average timings for last       1 steps:
|     Elapsed(s) =       0.00 Per Step(ms) =       2.50
|         ns/day =      34.60   seconds/ns =    2497.07
|
|     Average timings for all steps:
|     Elapsed(s) =     292.55 Per Step(ms) =      97.52
|         ns/day =       0.89   seconds/ns =   97515.36
|     -----------------------------------------------------

|  Master Setup CPU time:            0.93 seconds
|  Master NonSetup CPU time:       288.76 seconds
|  Master Total CPU time:          289.70 seconds     0.08 hours

|  Master Setup wall time:           4    seconds
|  Master NonSetup wall time:      292    seconds
|  Master Total wall time:         296    seconds     0.08 hours
