
          -------------------------------------------------------
          Amber 24 PMEMD                              2024
          -------------------------------------------------------

| PMEMD implementation of SANDER, Release 24

|  Compiled date/time: Wed Jan 15 09:38:10 2025
| Run on 06/21/2025 at 15:26:39

|   Executable path: pmemd.cuda
| Working directory: /oak/stanford/groups/rondror/users/yuzhuang/software/batter/batter/tests/pipeline/test_pipeline/equil/pose0
|          Hostname: sh03-11n04.int

  [-O]verwriting output

File Assignments:
|   MDIN: eqnpt.in                                                              
|  MDOUT: eqnpt03.out                                                           
| INPCRD: eqnpt02.rst7                                                          
|   PARM: full.hmr.prmtop                                                       
| RESTRT: eqnpt03.rst7                                                          
|   REFC: eqnpt02.rst7                                                          
|  MDVEL: mdvel                                                                 
|   MDEN: mden                                                                  
|  MDCRD: traj3.nc                                                              
| MDINFO: mdinfo                                                                
|  MDFRC: mdfrc                                                                 


 Here is the input file:

*******************************************************                        
*****************************       eqnpt.in                                   
*******************************************************                        
Equilibrate, NPT.                                                              
 &cntrl                                                                        
  imin = 0,                                                                    
  ntx = 5,                                                                     
  ntxo = 1,                                                                    
  irest = 1,                                                                   
  ntpr = 2000,                                                                 
  ntwr = 2000,                                                                 
  ntwx = 2000,                                                                 
  ioutfm = 1,                                                                  
  iwrap = 1,                                                                   
  ntf = 1,                                                                     
  ntc = 2,                                                                     
  cut = 9.0,                                                                   
  ntt = 3,                                                                     
  temp0 = 310.0,                                                               
  gamma_ln = 1.0,                                                              
  ig = -1,                                                                     
  ntp = 3,                                                                     
  csurften = 3,                                                                
  barostat = 1,                                                                
  nstlim = 20000,                                                              
  dt = 0.001,                                                                  
  nmropt = 0,                                                                  
  pencut = -1,                                                                 
  ntr = 1,                                                                     
 restraint_wt = 10,                                                            
  restraintmask = "((@CA | :g1i) & !@H=) | ((:28,31-51,104-131,195-218,263-284)
  infe = 0,                                                                    
  mcwat = 1,                                                                   
  nmd = 100,                                                                   
  nmc = 1000,                                                                  
  mcwatmask = ":g1i",                                                          
  mcligshift = 40,                                                             
  mcresstr = "WAT",                                                            
 /                                                                             
 &pmd                                                                          
 output_file = 'cmass.txt'                                                     
 output_freq = 1000                                                            
 cv_file = 'cv.in'                                                             
 /                                                                             
 &wt type = 'END', /                                                           
DISANG=disang.rest                                                             
LISTOUT=POUT                                                                   
                                                                               
                                                                               


Note: ig = -1. Setting random seed to   267997 based on wallclock time in 
      microseconds.
| irandom = 1, using AMBER's internal random number generator (default).
 
|--------------------- INFORMATION ----------------------
| GPU (CUDA) Version of PMEMD in use: NVIDIA GPU IN USE.
|                    Version 18.0.0
| 
|                      03/25/2018
| 
| Implementation by:
|                    Ross C. Walker     (SDSC)
|                    Scott Le Grand     (nVIDIA)
| 
| Version 18 performance extensions by:
|                    David Cerutti     (Rutgers)
| 
| Precision model in use:
|      [SPFP] - Single Precision Forces, 64-bit Fixed Point
|               Accumulation. (Default)
| 
|--------------------------------------------------------
 
|----------------- CITATION INFORMATION -----------------
|
|    When publishing work that utilized the CUDA version
|    of AMBER, please cite the following in addition to
|    the regular AMBER citations:
|
|  - Romelia Salomon-Ferrer; Andreas W. Goetz; Duncan
|    Poole; Scott Le Grand; Ross C. Walker "Routine
|    microsecond molecular dynamics simulations with
|    AMBER - Part II: Particle Mesh Ewald", J. Chem.
|    Theory Comput., 2013, 9 (9), pp3878-3888,
|    DOI: 10.1021/ct400314y.
|
|  - Andreas W. Goetz; Mark J. Williamson; Dong Xu;
|    Duncan Poole; Scott Le Grand; Ross C. Walker
|    "Routine microsecond molecular dynamics simulations
|    with AMBER - Part I: Generalized Born", J. Chem.
|    Theory Comput., 2012, 8 (5), pp1542-1555.
|
|  - Scott Le Grand; Andreas W. Goetz; Ross C. Walker
|    "SPFP: Speed without compromise - a mixed precision
|    model for GPU accelerated molecular dynamics
|    simulations.", Comp. Phys. Comm., 2013, 184
|    pp374-380, DOI: 10.1016/j.cpc.2012.09.022
|
|--------------------------------------------------------
 
|------------------- GPU DEVICE INFO --------------------
|
|            CUDA_VISIBLE_DEVICES: 0
|   CUDA Capable Devices Detected:      1
|           CUDA Device ID in use:      0
|                CUDA Device Name: NVIDIA A40
|     CUDA Device Global Mem Size:  45403 MB
| CUDA Device Num Multiprocessors:     84
|           CUDA Device Core Freq:   1.74 GHz
|
|--------------------------------------------------------
 
 
| Conditional Compilation Defines Used:
| PUBFFT
| BINTRAJ
| CUDA
| EMIL

| Largest sphere to fit in unit cell has radius =    41.322

| New format PARM file being parsed.
| Version =    1.000 Date = 06/21/25 Time = 15:05:26

| Note: 1-4 EEL scale factors are being read from the topology file.

| Note: 1-4 VDW scale factors are being read from the topology file.
| Duplicated    0 dihedrals

| Duplicated    0 dihedrals

--------------------------------------------------------------------------------
   1.  RESOURCE   USE: 
--------------------------------------------------------------------------------

 getting new box info from bottom of inpcrd
 NATOM  =   79056 NTYPES =      31 NBONH =   67649 MBONA  =   11189
 NTHETH =   39394 MTHETA =   13431 NPHIH =   68217 MPHIA  =   45151
 NHPARM =       0 NPARM  =       0 NNB   =  223427 NRES   =   17943
 NBONA  =   11189 NTHETA =   13431 NPHIA =   45151 NUMBND =      97
 NUMANG =     210 NPTRA  =     269 NATYP =      63 NPHB   =       0
 IFBOX  =       1 NMXRS  =      50 IFCAP =       0 NEXTRA =       0
 NCOPY  =       0

| Coordinate Index Table dimensions:    18   16   21
| Direct force subcell size =     5.0789    5.1653    5.1255

     BOX TYPE: RECTILINEAR

--------------------------------------------------------------------------------
   2.  CONTROL  DATA  FOR  THE  RUN
--------------------------------------------------------------------------------

default_name                                                                    

General flags:
     imin    =       0, nmropt  =       0

Nature and format of input:
     ntx     =       5, irest   =       1, ntrx    =       1

Nature and format of output:
     ntxo    =       1, ntpr    =    2000, ntrx    =       1, ntwr    =    2000
     iwrap   =       1, ntwx    =    2000, ntwv    =       0, ntwe    =       0
     ioutfm  =       1, ntwprt  =       0, idecomp =       0, rbornstat=      0

Potential function:
     ntf     =       1, ntb     =       2, igb     =       0, nsnb    =      25
     ipol    =       0, gbsa    =       0, iesp    =       0
     dielc   =   1.00000, cut     =   9.00000, intdiel =   1.00000

Frozen or restrained atoms:
     ibelly  =       0, ntr     =       1
     restraint_wt =  10.00000

Molecular dynamics:
     nstlim  =     20000, nscm    =         0, nrespa  =         1
     t       =   0.00000, dt      =   0.00100, vlimit  =  -1.00000

Langevin dynamics temperature regulation:
     ig      =  267997
     temp0   = 310.00000, tempi   =   0.00000, gamma_ln=   1.00000

Pressure regulation:
     ntp     =       3
     pres0   =   1.00000, comp    =  44.60000, taup    =   1.00000

Constant surface tension:
     csurften  =       3
     gamma_ten =   0.00000 ninterface =       2

SHAKE:
     ntc     =       2, jfastw  =       0
     tol     =   0.00001

| Intermolecular bonds treatment:
|     no_intermolecular_bonds =       1

| Energy averages sample interval:
|     ene_avg_sampling =    2000

Ewald parameters:
     verbose =       0, ew_type =       0, nbflag  =       1, use_pme =       1
     vdwmeth =       1, eedmeth =       1, netfrc  =       1
     Box X =   91.421   Box Y =   82.644   Box Z =  107.636
     Alpha =   90.000   Beta  =   90.000   Gamma =   90.000
     NFFT1 =   96       NFFT2 =   84       NFFT3 =  108
     Cutoff=    9.000   Tol   =0.100E-04
     Ewald Coefficient =  0.30768
     Interpolation order =    4

    LOADING THE CONSTRAINED ATOMS AS GROUPS


   5.  REFERENCE ATOM COORDINATES

  default_name                                                                    
     Mask ((@CA | :g1i) & !@H=) | ((:28,31-51,104-131,195-218,263-284) & @CA); matches   299 atoms

--------------------------------------------------------------------------------
   3.  ATOMIC COORDINATES AND VELOCITIES
--------------------------------------------------------------------------------

default_name                                                                    
 begin time read from input coords =    63.000 ps

 
 Number of triangulated 3-point waters found:    17035

     Sum of charges from parm topology file =   0.00200256
     Forcing neutrality...

| Dynamic Memory, Types Used:
| Reals             3417695
| Integers          5383050

| Nonbonded Pairs Initial Allocation:    18024768

| GPU memory information (estimate):
| KB of GPU memory in use:    499074
| KB of CPU memory in use:    140898

--------------------------------------------------------------------------------
   4.  RESULTS
--------------------------------------------------------------------------------


 NSTEP =     2000   TIME(PS) =      65.000  TEMP(K) =   308.52  PRESS =  -411.7
 Etot   =   -155672.6187  EKtot   =     51965.1250  EPtot      =   -207637.7437
 BOND   =      3749.7891  ANGLE   =     13951.8784  DIHED      =     10856.5289
 1-4 NB =      3655.5597  1-4 EEL =    -12140.6069  VDWAALS    =     11603.1096
 EELEC  =   -239434.1414  EHBOND  =         0.0000  RESTRAINT  =       120.1389
 EAMBER (non-restraint)  =   -207757.8826
 EKCMT  =     15941.7174  VIRIAL  =     23151.5142  VOLUME     =    811141.6639
                                                    SURFTEN    =        95.3668
                                                    Density    =         0.9712
 ------------------------------------------------------------------------------


 NSTEP =     4000   TIME(PS) =      67.000  TEMP(K) =   309.05  PRESS =  -510.3
 Etot   =   -155631.4521  EKtot   =     52054.8281  EPtot      =   -207686.2802
 BOND   =      3794.3365  ANGLE   =     14068.0193  DIHED      =     10838.5746
 1-4 NB =      3604.3624  1-4 EEL =    -12093.0333  VDWAALS    =     11580.8001
 EELEC  =   -239615.8736  EHBOND  =         0.0000  RESTRAINT  =       136.5339
 EAMBER (non-restraint)  =   -207822.8141
 EKCMT  =     16045.3066  VIRIAL  =     24983.2188  VOLUME     =    811207.4703
                                                    SURFTEN    =        86.3662
                                                    Density    =         0.9711
 ------------------------------------------------------------------------------


 NSTEP =     6000   TIME(PS) =      69.000  TEMP(K) =   307.93  PRESS =  -367.9
 Etot   =   -156093.1271  EKtot   =     51865.4844  EPtot      =   -207958.6115
 BOND   =      3865.3521  ANGLE   =     14099.5226  DIHED      =     10834.4825
 1-4 NB =      3650.8473  1-4 EEL =    -12227.4587  VDWAALS    =     12017.5416
 EELEC  =   -240322.9881  EHBOND  =         0.0000  RESTRAINT  =       124.0892
 EAMBER (non-restraint)  =   -208082.7007
 EKCMT  =     15713.3367  VIRIAL  =     22156.7533  VOLUME     =    811065.5974
                                                    SURFTEN    =        61.5729
                                                    Density    =         0.9713
 ------------------------------------------------------------------------------


 NSTEP =     8000   TIME(PS) =      71.000  TEMP(K) =   308.78  PRESS =  -431.2
 Etot   =   -155890.6271  EKtot   =     52009.1719  EPtot      =   -207899.7989
 BOND   =      3837.3427  ANGLE   =     13977.9143  DIHED      =     10795.0153
 1-4 NB =      3638.2296  1-4 EEL =    -12236.2103  VDWAALS    =     11836.9643
 EELEC  =   -239868.6955  EHBOND  =         0.0000  RESTRAINT  =       119.6406
 EAMBER (non-restraint)  =   -208019.4395
 EKCMT  =     16019.7584  VIRIAL  =     23571.4234  VOLUME     =    811211.9532
                                                    SURFTEN    =       -54.4234
                                                    Density    =         0.9711
 ------------------------------------------------------------------------------


 NSTEP =    10000   TIME(PS) =      73.000  TEMP(K) =   310.43  PRESS =  -409.2
 Etot   =   -155720.9463  EKtot   =     52286.4648  EPtot      =   -208007.4111
 BOND   =      3820.7842  ANGLE   =     13979.8116  DIHED      =     10769.2827
 1-4 NB =      3665.1693  1-4 EEL =    -12143.2711  VDWAALS    =     11755.8323
 EELEC  =   -239990.9215  EHBOND  =         0.0000  RESTRAINT  =       135.9013
 EAMBER (non-restraint)  =   -208143.3124
 EKCMT  =     16081.1113  VIRIAL  =     23250.6686  VOLUME     =    811483.2747
                                                    SURFTEN    =       121.8346
                                                    Density    =         0.9708
 ------------------------------------------------------------------------------


 NSTEP =    12000   TIME(PS) =      75.000  TEMP(K) =   309.90  PRESS =  -357.1
 Etot   =   -155667.9351  EKtot   =     52196.8359  EPtot      =   -207864.7710
 BOND   =      3768.0286  ANGLE   =     14060.6531  DIHED      =     10813.4158
 1-4 NB =      3650.6786  1-4 EEL =    -12268.1199  VDWAALS    =     11655.2885
 EELEC  =   -239678.9912  EHBOND  =         0.0000  RESTRAINT  =       134.2756
 EAMBER (non-restraint)  =   -207999.0466
 EKCMT  =     16189.2330  VIRIAL  =     22441.7448  VOLUME     =    811004.9863
                                                    SURFTEN    =       199.7302
                                                    Density    =         0.9714
 ------------------------------------------------------------------------------


 NSTEP =    14000   TIME(PS) =      77.000  TEMP(K) =   310.58  PRESS =  -435.1
 Etot   =   -155913.5344  EKtot   =     52312.8477  EPtot      =   -208226.3820
 BOND   =      3734.2786  ANGLE   =     13890.2206  DIHED      =     10792.5354
 1-4 NB =      3679.1629  1-4 EEL =    -12120.2473  VDWAALS    =     11752.8615
 EELEC  =   -240083.1912  EHBOND  =         0.0000  RESTRAINT  =       127.9975
 EAMBER (non-restraint)  =   -208354.3795
 EKCMT  =     16124.6740  VIRIAL  =     23746.7067  VOLUME     =    811400.3872
                                                    SURFTEN    =       -20.6768
                                                    Density    =         0.9709
 ------------------------------------------------------------------------------


 NSTEP =    16000   TIME(PS) =      79.000  TEMP(K) =   309.78  PRESS =  -426.6
 Etot   =   -155989.4293  EKtot   =     52176.8281  EPtot      =   -208166.2574
 BOND   =      3778.0457  ANGLE   =     14013.2383  DIHED      =     10796.0085
 1-4 NB =      3620.4588  1-4 EEL =    -12062.6088  VDWAALS    =     11939.2306
 EELEC  =   -240375.3153  EHBOND  =         0.0000  RESTRAINT  =       124.6847
 EAMBER (non-restraint)  =   -208290.9422
 EKCMT  =     16234.9724  VIRIAL  =     23705.9842  VOLUME     =    811163.8792
                                                    SURFTEN    =       174.9815
                                                    Density    =         0.9712
 ------------------------------------------------------------------------------


 NSTEP =    18000   TIME(PS) =      81.000  TEMP(K) =   310.97  PRESS =  -470.2
 Etot   =   -155823.4883  EKtot   =     52378.1992  EPtot      =   -208201.6875
 BOND   =      3802.7001  ANGLE   =     13845.3725  DIHED      =     10803.7254
 1-4 NB =      3621.1852  1-4 EEL =    -12151.2465  VDWAALS    =     11654.2402
 EELEC  =   -239912.5683  EHBOND  =         0.0000  RESTRAINT  =       134.9039
 EAMBER (non-restraint)  =   -208336.5914
 EKCMT  =     16053.9645  VIRIAL  =     24289.1177  VOLUME     =    811111.7146
                                                    SURFTEN    =        25.0181
                                                    Density    =         0.9712
 ------------------------------------------------------------------------------


 NSTEP =    20000   TIME(PS) =      83.000  TEMP(K) =   311.19  PRESS =  -444.5
 Etot   =   -155523.4773  EKtot   =     52414.9531  EPtot      =   -207938.4304
 BOND   =      3793.4920  ANGLE   =     13971.5976  DIHED      =     10738.9573
 1-4 NB =      3603.3411  1-4 EEL =    -12181.0768  VDWAALS    =     11617.9348
 EELEC  =   -239608.0962  EHBOND  =         0.0000  RESTRAINT  =       125.4198
 EAMBER (non-restraint)  =   -208063.8502
 EKCMT  =     16072.4148  VIRIAL  =     23858.3678  VOLUME     =    811221.5169
                                                    SURFTEN    =        26.3690
                                                    Density    =         0.9711
 ------------------------------------------------------------------------------


      A V E R A G E S   O V E R      10 S T E P S


 NSTEP =    20000   TIME(PS) =      83.000  TEMP(K) =   309.71  PRESS =  -426.4
 Etot   =   -155792.6636  EKtot   =     52166.0738  EPtot      =   -207958.7374
 BOND   =      3794.4150  ANGLE   =     13985.8228  DIHED      =     10803.8526
 1-4 NB =      3638.8995  1-4 EEL =    -12162.3880  VDWAALS    =     11741.3803
 EELEC  =   -239889.0782  EHBOND  =         0.0000  RESTRAINT  =       128.3585
 EAMBER (non-restraint)  =   -208087.0959
 EKCMT  =     16047.6489  VIRIAL  =     23515.5500  VOLUME     =    811201.2444
                                                    SURFTEN    =        71.6139
                                                    Density    =         0.9711
 ------------------------------------------------------------------------------


      R M S  F L U C T U A T I O N S


 NSTEP =    20000   TIME(PS) =      83.000  TEMP(K) =     1.05  PRESS =    42.6
 Etot   =       169.6212  EKtot   =       176.5686  EPtot      =       191.3316
 BOND   =        37.6985  ANGLE   =        75.0696  DIHED      =        32.6868
 1-4 NB =        24.4577  1-4 EEL =        62.2240  VDWAALS    =       141.4339
 EELEC  =       296.3814  EHBOND  =         0.0000  RESTRAINT  =         6.2100
 EAMBER (non-restraint)  =       185.1216
 EKCMT  =       136.6058  VIRIAL  =       785.1671  VOLUME     =       137.7107
                                                    SURFTEN    =        76.8926
                                                    Density    =         0.0002
 ------------------------------------------------------------------------------

--------------------------------------------------------------------------------
   5.  TIMINGS
--------------------------------------------------------------------------------

|  NonSetup CPU Time in Major Routines:
|
|     Routine           Sec        %
|     ------------------------------
|     Nonbond          19.01   39.29
|     Bond              0.00    0.00
|     Angle             0.00    0.00
|     Dihedral          0.00    0.00
|     Shake             0.09    0.18
|     RunMD             6.64   13.73
|     Other            22.64   46.80
|     ------------------------------
|     Total            48.39

|  PME Nonbond Pairlist CPU Time:
|
|     Routine              Sec        %
|     ---------------------------------
|     Set Up Cit           0.00    0.00
|     Build List           0.00    0.00
|     ---------------------------------
|     Total                0.00    0.00

|  PME Direct Force CPU Time:
|
|     Routine              Sec        %
|     ---------------------------------
|     NonBonded Calc       0.00    0.00
|     Exclude Masked       0.00    0.00
|     Other                0.01    0.03
|     ---------------------------------
|     Total                0.01    0.03

|  PME Reciprocal Force CPU Time:
|
|     Routine              Sec        %
|     ---------------------------------
|     1D bspline           0.00    0.00
|     Grid Charges         0.00    0.00
|     Scalar Sum           0.00    0.00
|     Gradient Sum         0.00    0.00
|     FFT                  0.00    0.00
|     ---------------------------------
|     Total                0.00    0.00

|  Final Performance Info:
|     -----------------------------------------------------
|     Average timings for last   18000 steps:
|     Elapsed(s) =      44.26 Per Step(ms) =       2.46
|         ns/day =      35.14   seconds/ns =    2458.81
|
|     Average timings for all steps:
|     Elapsed(s) =      49.63 Per Step(ms) =       2.48
|         ns/day =      34.82   seconds/ns =    2481.37
|     -----------------------------------------------------

|  Setup CPU time:            0.98 seconds
|  NonSetup CPU time:        48.39 seconds
|  Total CPU time:           49.37 seconds     0.01 hours

|  Setup wall time:           1    seconds
|  NonSetup wall time:       50    seconds
|  Total wall time:          51    seconds     0.01 hours
