
          -------------------------------------------------------
          Amber 24 PMEMD                              2024
          -------------------------------------------------------

| PMEMD implementation of SANDER, Release 24

|  Compiled date/time: Wed Jan 15 09:38:10 2025
| Run on 06/21/2025 at 15:24:54

|   Executable path: pmemd.cuda
| Working directory: /oak/stanford/groups/rondror/users/yuzhuang/software/batter/batter/tests/pipeline/test_pipeline/equil/pose0
|          Hostname: sh03-11n04.int

  [-O]verwriting output

File Assignments:
|   MDIN: eqnpt.in                                                              
|  MDOUT: eqnpt01.out                                                           
| INPCRD: eqnpt00.rst7                                                          
|   PARM: full.hmr.prmtop                                                       
| RESTRT: eqnpt01.rst7                                                          
|   REFC: eqnpt00.rst7                                                          
|  MDVEL: mdvel                                                                 
|   MDEN: mden                                                                  
|  MDCRD: traj1.nc                                                              
| MDINFO: mdinfo                                                                
|  MDFRC: mdfrc                                                                 


 Here is the input file:

*******************************************************                        
*****************************       eqnpt.in                                   
*******************************************************                        
Equilibrate, NPT.                                                              
 &cntrl                                                                        
  imin = 0,                                                                    
  ntx = 5,                                                                     
  ntxo = 1,                                                                    
  irest = 1,                                                                   
  ntpr = 2000,                                                                 
  ntwr = 2000,                                                                 
  ntwx = 2000,                                                                 
  ioutfm = 1,                                                                  
  iwrap = 1,                                                                   
  ntf = 1,                                                                     
  ntc = 2,                                                                     
  cut = 9.0,                                                                   
  ntt = 3,                                                                     
  temp0 = 310.0,                                                               
  gamma_ln = 1.0,                                                              
  ig = -1,                                                                     
  ntp = 3,                                                                     
  csurften = 3,                                                                
  barostat = 1,                                                                
  nstlim = 20000,                                                              
  dt = 0.001,                                                                  
  nmropt = 0,                                                                  
  pencut = -1,                                                                 
  ntr = 1,                                                                     
 restraint_wt = 10,                                                            
  restraintmask = "((@CA | :g1i) & !@H=) | ((:28,31-51,104-131,195-218,263-284)
  infe = 0,                                                                    
  mcwat = 1,                                                                   
  nmd = 100,                                                                   
  nmc = 1000,                                                                  
  mcwatmask = ":g1i",                                                          
  mcligshift = 40,                                                             
  mcresstr = "WAT",                                                            
 /                                                                             
 &pmd                                                                          
 output_file = 'cmass.txt'                                                     
 output_freq = 1000                                                            
 cv_file = 'cv.in'                                                             
 /                                                                             
 &wt type = 'END', /                                                           
DISANG=disang.rest                                                             
LISTOUT=POUT                                                                   
                                                                               
                                                                               


Note: ig = -1. Setting random seed to   136067 based on wallclock time in 
      microseconds.
| irandom = 1, using AMBER's internal random number generator (default).
 
|--------------------- INFORMATION ----------------------
| GPU (CUDA) Version of PMEMD in use: NVIDIA GPU IN USE.
|                    Version 18.0.0
| 
|                      03/25/2018
| 
| Implementation by:
|                    Ross C. Walker     (SDSC)
|                    Scott Le Grand     (nVIDIA)
| 
| Version 18 performance extensions by:
|                    David Cerutti     (Rutgers)
| 
| Precision model in use:
|      [SPFP] - Single Precision Forces, 64-bit Fixed Point
|               Accumulation. (Default)
| 
|--------------------------------------------------------
 
|----------------- CITATION INFORMATION -----------------
|
|    When publishing work that utilized the CUDA version
|    of AMBER, please cite the following in addition to
|    the regular AMBER citations:
|
|  - Romelia Salomon-Ferrer; Andreas W. Goetz; Duncan
|    Poole; Scott Le Grand; Ross C. Walker "Routine
|    microsecond molecular dynamics simulations with
|    AMBER - Part II: Particle Mesh Ewald", J. Chem.
|    Theory Comput., 2013, 9 (9), pp3878-3888,
|    DOI: 10.1021/ct400314y.
|
|  - Andreas W. Goetz; Mark J. Williamson; Dong Xu;
|    Duncan Poole; Scott Le Grand; Ross C. Walker
|    "Routine microsecond molecular dynamics simulations
|    with AMBER - Part I: Generalized Born", J. Chem.
|    Theory Comput., 2012, 8 (5), pp1542-1555.
|
|  - Scott Le Grand; Andreas W. Goetz; Ross C. Walker
|    "SPFP: Speed without compromise - a mixed precision
|    model for GPU accelerated molecular dynamics
|    simulations.", Comp. Phys. Comm., 2013, 184
|    pp374-380, DOI: 10.1016/j.cpc.2012.09.022
|
|--------------------------------------------------------
 
|------------------- GPU DEVICE INFO --------------------
|
|            CUDA_VISIBLE_DEVICES: 0
|   CUDA Capable Devices Detected:      1
|           CUDA Device ID in use:      0
|                CUDA Device Name: NVIDIA A40
|     CUDA Device Global Mem Size:  45403 MB
| CUDA Device Num Multiprocessors:     84
|           CUDA Device Core Freq:   1.74 GHz
|
|--------------------------------------------------------
 
 
| Conditional Compilation Defines Used:
| PUBFFT
| BINTRAJ
| CUDA
| EMIL

| Largest sphere to fit in unit cell has radius =    41.391

| New format PARM file being parsed.
| Version =    1.000 Date = 06/21/25 Time = 15:05:26

| Note: 1-4 EEL scale factors are being read from the topology file.

| Note: 1-4 VDW scale factors are being read from the topology file.
| Duplicated    0 dihedrals

| Duplicated    0 dihedrals

--------------------------------------------------------------------------------
   1.  RESOURCE   USE: 
--------------------------------------------------------------------------------

 getting new box info from bottom of inpcrd
 NATOM  =   79056 NTYPES =      31 NBONH =   67649 MBONA  =   11189
 NTHETH =   39394 MTHETA =   13431 NPHIH =   68217 MPHIA  =   45151
 NHPARM =       0 NPARM  =       0 NNB   =  223427 NRES   =   17943
 NBONA  =   11189 NTHETA =   13431 NPHIA =   45151 NUMBND =      97
 NUMANG =     210 NPTRA  =     269 NATYP =      63 NPHB   =       0
 IFBOX  =       1 NMXRS  =      50 IFCAP =       0 NEXTRA =       0
 NCOPY  =       0

| Coordinate Index Table dimensions:    18   16   21
| Direct force subcell size =     5.0874    5.1739    5.1336

     BOX TYPE: RECTILINEAR

--------------------------------------------------------------------------------
   2.  CONTROL  DATA  FOR  THE  RUN
--------------------------------------------------------------------------------

default_name                                                                    

General flags:
     imin    =       0, nmropt  =       0

Nature and format of input:
     ntx     =       5, irest   =       1, ntrx    =       1

Nature and format of output:
     ntxo    =       1, ntpr    =    2000, ntrx    =       1, ntwr    =    2000
     iwrap   =       1, ntwx    =    2000, ntwv    =       0, ntwe    =       0
     ioutfm  =       1, ntwprt  =       0, idecomp =       0, rbornstat=      0

Potential function:
     ntf     =       1, ntb     =       2, igb     =       0, nsnb    =      25
     ipol    =       0, gbsa    =       0, iesp    =       0
     dielc   =   1.00000, cut     =   9.00000, intdiel =   1.00000

Frozen or restrained atoms:
     ibelly  =       0, ntr     =       1
     restraint_wt =  10.00000

Molecular dynamics:
     nstlim  =     20000, nscm    =         0, nrespa  =         1
     t       =   0.00000, dt      =   0.00100, vlimit  =  -1.00000

Langevin dynamics temperature regulation:
     ig      =  136067
     temp0   = 310.00000, tempi   =   0.00000, gamma_ln=   1.00000

Pressure regulation:
     ntp     =       3
     pres0   =   1.00000, comp    =  44.60000, taup    =   1.00000

Constant surface tension:
     csurften  =       3
     gamma_ten =   0.00000 ninterface =       2

SHAKE:
     ntc     =       2, jfastw  =       0
     tol     =   0.00001

| Intermolecular bonds treatment:
|     no_intermolecular_bonds =       1

| Energy averages sample interval:
|     ene_avg_sampling =    2000

Ewald parameters:
     verbose =       0, ew_type =       0, nbflag  =       1, use_pme =       1
     vdwmeth =       1, eedmeth =       1, netfrc  =       1
     Box X =   91.573   Box Y =   82.782   Box Z =  107.805
     Alpha =   90.000   Beta  =   90.000   Gamma =   90.000
     NFFT1 =   96       NFFT2 =   84       NFFT3 =  108
     Cutoff=    9.000   Tol   =0.100E-04
     Ewald Coefficient =  0.30768
     Interpolation order =    4

    LOADING THE CONSTRAINED ATOMS AS GROUPS


   5.  REFERENCE ATOM COORDINATES

  default_name                                                                    
     Mask ((@CA | :g1i) & !@H=) | ((:28,31-51,104-131,195-218,263-284) & @CA); matches   299 atoms

--------------------------------------------------------------------------------
   3.  ATOMIC COORDINATES AND VELOCITIES
--------------------------------------------------------------------------------

default_name                                                                    
 begin time read from input coords =    23.000 ps

 
 Number of triangulated 3-point waters found:    17035

     Sum of charges from parm topology file =   0.00200256
     Forcing neutrality...

| Dynamic Memory, Types Used:
| Reals             3417695
| Integers          5383050

| Nonbonded Pairs Initial Allocation:    18024768

| GPU memory information (estimate):
| KB of GPU memory in use:    499074
| KB of CPU memory in use:    140898

--------------------------------------------------------------------------------
   4.  RESULTS
--------------------------------------------------------------------------------


 NSTEP =     2000   TIME(PS) =      25.000  TEMP(K) =   308.07  PRESS =  -395.5
 Etot   =   -155805.1343  EKtot   =     51889.4688  EPtot      =   -207694.6031
 BOND   =      3724.0818  ANGLE   =     13832.6294  DIHED      =     10883.9057
 1-4 NB =      3646.2312  1-4 EEL =    -12221.1998  VDWAALS    =     11573.1439
 EELEC  =   -239255.1242  EHBOND  =         0.0000  RESTRAINT  =       121.7289
 EAMBER (non-restraint)  =   -207816.3320
 EKCMT  =     15960.1896  VIRIAL  =     22920.3954  VOLUME     =    815099.8538
                                                    SURFTEN    =        38.5861
                                                    Density    =         0.9665
 ------------------------------------------------------------------------------


 NSTEP =     4000   TIME(PS) =      27.000  TEMP(K) =   310.43  PRESS =  -332.4
 Etot   =   -155374.7666  EKtot   =     52286.7422  EPtot      =   -207661.5087
 BOND   =      3784.2689  ANGLE   =     14030.7119  DIHED      =     10728.8488
 1-4 NB =      3694.2787  1-4 EEL =    -12157.5464  VDWAALS    =     12007.2820
 EELEC  =   -239893.2475  EHBOND  =         0.0000  RESTRAINT  =       143.8948
 EAMBER (non-restraint)  =   -207805.4036
 EKCMT  =     16048.8761  VIRIAL  =     21905.2620  VOLUME     =    815920.3435
                                                    SURFTEN    =       -21.0184
                                                    Density    =         0.9655
 ------------------------------------------------------------------------------


 NSTEP =     6000   TIME(PS) =      29.000  TEMP(K) =   310.31  PRESS =  -427.5
 Etot   =   -155266.0597  EKtot   =     52266.5703  EPtot      =   -207532.6300
 BOND   =      3738.9626  ANGLE   =     14016.0904  DIHED      =     10954.1670
 1-4 NB =      3713.1356  1-4 EEL =    -12290.1153  VDWAALS    =     11674.1508
 EELEC  =   -239474.5237  EHBOND  =         0.0000  RESTRAINT  =       135.5026
 EAMBER (non-restraint)  =   -207668.1326
 EKCMT  =     16086.1750  VIRIAL  =     23614.1293  VOLUME     =    815583.4175
                                                    SURFTEN    =      -111.9504
                                                    Density    =         0.9659
 ------------------------------------------------------------------------------


 NSTEP =     8000   TIME(PS) =      31.000  TEMP(K) =   309.45  PRESS =  -417.5
 Etot   =   -155176.8544  EKtot   =     52122.2305  EPtot      =   -207299.0848
 BOND   =      3812.0259  ANGLE   =     14005.3284  DIHED      =     10890.0116
 1-4 NB =      3689.3323  1-4 EEL =    -12216.7867  VDWAALS    =     11780.8090
 EELEC  =   -239393.2264  EHBOND  =         0.0000  RESTRAINT  =       133.4211
 EAMBER (non-restraint)  =   -207432.5059
 EKCMT  =     15939.0051  VIRIAL  =     23288.9356  VOLUME     =    815417.5788
                                                    SURFTEN    =       177.9207
                                                    Density    =         0.9661
 ------------------------------------------------------------------------------


 NSTEP =    10000   TIME(PS) =      33.000  TEMP(K) =   308.40  PRESS =  -383.4
 Etot   =   -155511.4145  EKtot   =     51945.3906  EPtot      =   -207456.8052
 BOND   =      3784.3723  ANGLE   =     14044.1039  DIHED      =     10886.4058
 1-4 NB =      3685.3750  1-4 EEL =    -12162.6206  VDWAALS    =     11800.8703
 EELEC  =   -239640.4035  EHBOND  =         0.0000  RESTRAINT  =       145.0917
 EAMBER (non-restraint)  =   -207601.8968
 EKCMT  =     15984.4117  VIRIAL  =     22733.4251  VOLUME     =    815254.4619
                                                    SURFTEN    =       105.9297
                                                    Density    =         0.9663
 ------------------------------------------------------------------------------


 NSTEP =    12000   TIME(PS) =      35.000  TEMP(K) =   310.26  PRESS =  -437.4
 Etot   =   -155437.2796  EKtot   =     52258.1367  EPtot      =   -207695.4163
 BOND   =      3830.7339  ANGLE   =     13973.5655  DIHED      =     10817.4950
 1-4 NB =      3641.8826  1-4 EEL =    -12272.6042  VDWAALS    =     11954.6532
 EELEC  =   -239765.3058  EHBOND  =         0.0000  RESTRAINT  =       124.1636
 EAMBER (non-restraint)  =   -207819.5799
 EKCMT  =     16087.2698  VIRIAL  =     23785.7461  VOLUME     =    815186.2196
                                                    SURFTEN    =        25.7856
                                                    Density    =         0.9664
 ------------------------------------------------------------------------------


 NSTEP =    14000   TIME(PS) =      37.000  TEMP(K) =   310.29  PRESS =  -456.2
 Etot   =   -155334.0538  EKtot   =     52263.7383  EPtot      =   -207597.7921
 BOND   =      3790.0213  ANGLE   =     14008.8092  DIHED      =     10801.9921
 1-4 NB =      3691.5814  1-4 EEL =    -12311.2212  VDWAALS    =     11860.3731
 EELEC  =   -239574.7442  EHBOND  =         0.0000  RESTRAINT  =       135.3963
 EAMBER (non-restraint)  =   -207733.1883
 EKCMT  =     15860.4828  VIRIAL  =     23891.0088  VOLUME     =    815254.2572
                                                    SURFTEN    =      -117.5163
                                                    Density    =         0.9663
 ------------------------------------------------------------------------------


 NSTEP =    16000   TIME(PS) =      39.000  TEMP(K) =   310.11  PRESS =  -501.8
 Etot   =   -155372.7198  EKtot   =     52232.2109  EPtot      =   -207604.9307
 BOND   =      3829.0852  ANGLE   =     14102.9497  DIHED      =     10821.7840
 1-4 NB =      3707.9693  1-4 EEL =    -12273.6314  VDWAALS    =     11758.2576
 EELEC  =   -239685.9146  EHBOND  =         0.0000  RESTRAINT  =       134.5695
 EAMBER (non-restraint)  =   -207739.5002
 EKCMT  =     16036.3942  VIRIAL  =     24868.7941  VOLUME     =    815278.7714
                                                    SURFTEN    =       -48.4089
                                                    Density    =         0.9663
 ------------------------------------------------------------------------------


 NSTEP =    18000   TIME(PS) =      41.000  TEMP(K) =   312.11  PRESS =  -353.7
 Etot   =   -155192.8298  EKtot   =     52569.6328  EPtot      =   -207762.4627
 BOND   =      3759.9595  ANGLE   =     14006.7919  DIHED      =     10776.3635
 1-4 NB =      3697.8518  1-4 EEL =    -12219.0440  VDWAALS    =     11829.2118
 EELEC  =   -239746.6995  EHBOND  =         0.0000  RESTRAINT  =       133.1024
 EAMBER (non-restraint)  =   -207895.5650
 EKCMT  =     16100.3654  VIRIAL  =     22328.5499  VOLUME     =    815480.1593
                                                    SURFTEN    =       114.4805
                                                    Density    =         0.9660
 ------------------------------------------------------------------------------


 NSTEP =    20000   TIME(PS) =      43.000  TEMP(K) =   308.32  PRESS =  -589.9
 Etot   =   -155660.0493  EKtot   =     51931.5938  EPtot      =   -207591.6431
 BOND   =      3811.4294  ANGLE   =     13891.4351  DIHED      =     10896.2092
 1-4 NB =      3676.7836  1-4 EEL =    -12249.7008  VDWAALS    =     11604.7923
 EELEC  =   -239356.1714  EHBOND  =         0.0000  RESTRAINT  =       133.5795
 EAMBER (non-restraint)  =   -207725.2225
 EKCMT  =     15997.1781  VIRIAL  =     26382.2599  VOLUME     =    815324.7201
                                                    SURFTEN    =       -25.6127
                                                    Density    =         0.9662
 ------------------------------------------------------------------------------


      A V E R A G E S   O V E R      10 S T E P S


 NSTEP =    20000   TIME(PS) =      43.000  TEMP(K) =   309.78  PRESS =  -429.5
 Etot   =   -155413.1162  EKtot   =     52176.5715  EPtot      =   -207589.6877
 BOND   =      3786.4941  ANGLE   =     13991.2415  DIHED      =     10845.7183
 1-4 NB =      3684.4422  1-4 EEL =    -12237.4470  VDWAALS    =     11784.3544
 EELEC  =   -239578.5361  EHBOND  =         0.0000  RESTRAINT  =       134.0450
 EAMBER (non-restraint)  =   -207723.7327
 EKCMT  =     16010.0348  VIRIAL  =     23571.8506  VOLUME     =    815379.9783
                                                    SURFTEN    =        13.8196
                                                    Density    =         0.9661
 ------------------------------------------------------------------------------


      R M S  F L U C T U A T I O N S


 NSTEP =    20000   TIME(PS) =      43.000  TEMP(K) =     1.17  PRESS =    70.9
 Etot   =       189.7960  EKtot   =       197.7172  EPtot      =       127.6168
 BOND   =        34.5331  ANGLE   =        73.2318  DIHED      =        64.1374
 1-4 NB =        22.4927  1-4 EEL =        48.9128  VDWAALS    =       132.8356
 EELEC  =       194.1074  EHBOND  =         0.0000  RESTRAINT  =         6.8855
 EAMBER (non-restraint)  =       120.7313
 EKCMT  =        72.6932  VIRIAL  =      1235.3368  VOLUME     =       224.8779
                                                    SURFTEN    =        92.7420
                                                    Density    =         0.0003
 ------------------------------------------------------------------------------

--------------------------------------------------------------------------------
   5.  TIMINGS
--------------------------------------------------------------------------------

|  NonSetup CPU Time in Major Routines:
|
|     Routine           Sec        %
|     ------------------------------
|     Nonbond          20.50   40.07
|     Bond              0.00    0.00
|     Angle             0.00    0.00
|     Dihedral          0.00    0.00
|     Shake             0.08    0.17
|     RunMD             6.61   12.93
|     Other            23.96   46.84
|     ------------------------------
|     Total            51.17

|  PME Nonbond Pairlist CPU Time:
|
|     Routine              Sec        %
|     ---------------------------------
|     Set Up Cit           0.00    0.00
|     Build List           0.00    0.00
|     ---------------------------------
|     Total                0.00    0.00

|  PME Direct Force CPU Time:
|
|     Routine              Sec        %
|     ---------------------------------
|     NonBonded Calc       0.00    0.00
|     Exclude Masked       0.00    0.00
|     Other                0.01    0.02
|     ---------------------------------
|     Total                0.01    0.02

|  PME Reciprocal Force CPU Time:
|
|     Routine              Sec        %
|     ---------------------------------
|     1D bspline           0.00    0.00
|     Grid Charges         0.00    0.00
|     Scalar Sum           0.00    0.00
|     Gradient Sum         0.00    0.00
|     FFT                  0.00    0.00
|     ---------------------------------
|     Total                0.00    0.00

|  Final Performance Info:
|     -----------------------------------------------------
|     Average timings for last   18000 steps:
|     Elapsed(s) =      46.29 Per Step(ms) =       2.57
|         ns/day =      33.60   seconds/ns =    2571.71
|
|     Average timings for all steps:
|     Elapsed(s) =      51.61 Per Step(ms) =       2.58
|         ns/day =      33.48   seconds/ns =    2580.31
|     -----------------------------------------------------

|  Setup CPU time:            1.00 seconds
|  NonSetup CPU time:        51.17 seconds
|  Total CPU time:           52.16 seconds     0.01 hours

|  Setup wall time:           1    seconds
|  NonSetup wall time:       52    seconds
|  Total wall time:          53    seconds     0.01 hours
