
          -------------------------------------------------------
          Amber 24 PMEMD                              2024
          -------------------------------------------------------

| PMEMD implementation of SANDER, Release 24

|  Compiled date/time: Wed Jan 15 09:38:10 2025
| Run on 06/21/2025 at 15:15:27

|   Executable path: pmemd.MPI
| Working directory: /oak/stanford/groups/rondror/users/yuzhuang/software/batter/batter/tests/pipeline/test_pipeline/equil/pose0
|          Hostname: sh03-11n04.int

  [-O]verwriting output

File Assignments:
|   MDIN: mini.in                                                               
|  MDOUT: mini.out                                                              
| INPCRD: full.inpcrd                                                           
|   PARM: full.hmr.prmtop                                                       
| RESTRT: mini.rst7                                                             
|   REFC: full.inpcrd                                                           
|  MDVEL: mdvel                                                                 
|   MDEN: mden                                                                  
|  MDCRD: mini.nc                                                               
| MDINFO: mdinfo                                                                
|LOGFILE: logfile                                                               
|  MDFRC: mdfrc                                                                 


 Here is the input file:

*******************************************************                        
*****************************       mini.in                                    
*******************************************************                        
Minimizing.                                                                    
 &cntrl                                                                        
  imin = 1,                                                                    
  ntx = 1,                                                                     
  ntxo = 1,                                                                    
  ntpr = 50,                                                                   
  maxcyc = 2000,                                                               
  ncyc = 500,                                                                  
  irest = 0,                                                                   
  ntf = 1,                                                                     
  ntc = 1,                                                                     
  ntb = 1,                                                                     
  cut = 9.0,                                                                   
  nmropt = 1,                                                                  
  pencut = -1,                                                                 
  ntr = 1,                                                                     
  restraint_wt = 50.0,                                                         
  restraintmask = '(@CA,C,N,P31 | :g1i | :1) & !@H=',                          
  infe = 1,                                                                    
 /                                                                             
 &pmd                                                                          
 output_file = 'cmass.txt'                                                     
 output_freq = 500                                                             
 cv_file = 'cv.in'                                                             
 /                                                                             
 &wt type = 'END', /                                                           
DISANG=disang.rest                                                             
LISTOUT=POUT                                                                   
                                                                               


Note: ig = -1. Setting random seed to   192525 based on wallclock time in
      microseconds and disabling the synchronization of random numbers 
      between tasks to improve performance.
| irandom = 1, using AMBER's internal random number generator (default).
 
 
| Conditional Compilation Defines Used:
| MPI
| PUBFFT
| BINTRAJ
| EMIL

| Largest sphere to fit in unit cell has radius =    42.493

| New format PARM file being parsed.
| Version =    1.000 Date = 06/21/25 Time = 15:05:26

| Note: 1-4 EEL scale factors are being read from the topology file.

| Note: 1-4 VDW scale factors are being read from the topology file.
| Duplicated    0 dihedrals

| Duplicated    0 dihedrals

--------------------------------------------------------------------------------
   1.  RESOURCE   USE: 
--------------------------------------------------------------------------------

 getting new box info from bottom of inpcrd
 NATOM  =   79056 NTYPES =      31 NBONH =   67649 MBONA  =   11189
 NTHETH =   39394 MTHETA =   13431 NPHIH =   68217 MPHIA  =   45151
 NHPARM =       0 NPARM  =       0 NNB   =  223427 NRES   =   17943
 NBONA  =   11189 NTHETA =   13431 NPHIA =   45151 NUMBND =      97
 NUMANG =     210 NPTRA  =     269 NATYP =      63 NPHB   =       0
 IFBOX  =       1 NMXRS  =      50 IFCAP =       0 NEXTRA =       0
 NCOPY  =       0

| Coordinate Index Table dimensions:    17   15   20
| Direct force subcell size =     5.5300    5.6657    5.5684

     BOX TYPE: RECTILINEAR

--------------------------------------------------------------------------------
   2.  CONTROL  DATA  FOR  THE  RUN
--------------------------------------------------------------------------------

default_name                                                                    

General flags:
     imin    =       1, nmropt  =       1

Nature and format of input:
     ntx     =       1, irest   =       0, ntrx    =       1

Nature and format of output:
     ntxo    =       1, ntpr    =      50, ntrx    =       1, ntwr    =       1
     iwrap   =       0, ntwx    =       0, ntwv    =       0, ntwe    =       0
     ioutfm  =       1, ntwprt  =       0, idecomp =       0, rbornstat=      0

Potential function:
     ntf     =       1, ntb     =       1, igb     =       0, nsnb    =      25
     ipol    =       0, gbsa    =       0, iesp    =       0
     dielc   =   1.00000, cut     =   9.00000, intdiel =   1.00000

Frozen or restrained atoms:
     ibelly  =       0, ntr     =       1
     restraint_wt =  50.00000

Energy minimization:
     maxcyc  =    2000, ncyc    =     500, ntmin   =       1
     dx0     =   0.01000, drms    =   0.00010

NMR refinement options:
     iscale  =       0, noeskp  =       1, ipnlty  =       1, mxsub   =       1
     scalm   = 100.00000, pencut  =  -1.00000, tausw   =   0.10000

| Intermolecular bonds treatment:
|     no_intermolecular_bonds =       1

| Energy averages sample interval:
|     ene_avg_sampling =       1

Ewald parameters:
     verbose =       0, ew_type =       0, nbflag  =       1, use_pme =       1
     vdwmeth =       1, eedmeth =       1, netfrc  =       0
     Box X =   94.010   Box Y =   84.985   Box Z =  111.368
     Alpha =   90.000   Beta  =   90.000   Gamma =   90.000
     NFFT1 =   96       NFFT2 =   90       NFFT3 =  120
     Cutoff=    9.000   Tol   =0.100E-04
     Ewald Coefficient =  0.30768
     Interpolation order =    4

| PMEMD ewald parallel performance parameters:
|     block_fft =    0
|     fft_blk_y_divisor =    2
|     excl_recip =    0
|     excl_master =    0
|     atm_redist_freq =  320

    LOADING THE CONSTRAINED ATOMS AS GROUPS


   5.  REFERENCE ATOM COORDINATES

  default_name                                                                    
     Mask (@CA,C,N,P31 | :g1i | :1) & !@H=; matches  1041 atoms

--------------------------------------------------------------------------------
   3.  ATOMIC COORDINATES AND VELOCITIES
--------------------------------------------------------------------------------

default_name                                                                    
 begin time read from input coords =     0.000 ps



           Begin reading energy term weight changes/NMR restraints
 WEIGHT CHANGES:
                         ** No weight changes given **

 RESTRAINTS:
 Requested file redirections:
  DISANG    = disang.rest
  LISTOUT   = POUT
 Restraints will be read from file: disang.rest
Here are comments from the DISANG input file:
# Anchor atoms  :92@CA  :61@CA  :257@CA  :286@O1  :286@C8  :286@O3  stage = equi

                       Number of restraints read =    21

                  Done reading weight changes/NMR restraints


 
 Number of triangulated 3-point waters found:    17035

     Sum of charges from parm topology file =   0.00200256
     Forcing neutrality...

| Dynamic Memory, Types Used:
| Reals             3141842
| Integers          5916789

| Nonbonded Pairs Initial Allocation:     5978115

| Running AMBER/MPI version on    4 MPI task

 
--------------------------------------------------------------------------------
   4.  RESULTS
--------------------------------------------------------------------------------

 ---------------------------------------------------
 APPROXIMATING switch and d/dx switch using CUBIC SPLINE INTERPOLATION
 using   5000.0 points per unit in tabled values
 TESTING RELATIVE ERROR over r ranging from 0.0 to cutoff
| CHECK switch(x): max rel err =   0.2738E-14   at   2.422500
| CHECK d/dx switch(x): max rel err =   0.8314E-11   at   2.736960
 ---------------------------------------------------
|---------------------------------------------------
| APPROXIMATING direct energy using CUBIC SPLINE INTERPOLATION
|  with   50.0 points per unit in tabled values
| Relative Error Limit not exceeded for r .gt.   2.39
| APPROXIMATING direct force using CUBIC SPLINE INTERPOLATION
|  with   50.0 points per unit in tabled values
| Relative Error Limit not exceeded for r .gt.   2.84
|---------------------------------------------------


   NSTEP       ENERGY          RMS            GMAX         NAME    NUMBER
      1       1.5213E+14     1.2078E+13     2.0027E+15     C17      6437

 BOND    =     4316.6305  ANGLE   =    39295.5658  DIHED      =    11397.5551
 VDWAALS = *************  EEL     =  -129197.7792  HBOND      =        0.0000
 1-4 VDW =    35068.4330  1-4 EEL =   -12846.1264  RESTRAINT  =        0.0000
 NMR restraints: Bond =    0.000   Angle =     0.000   Torsion =     0.000
===============================================================================


   NSTEP       ENERGY          RMS            GMAX         NAME    NUMBER
     50       2.3004E+05     1.8111E+02     3.8179E+04     H5S     21244

 BOND    =   139322.3158  ANGLE   =    55951.3510  DIHED      =    12020.8240
 VDWAALS =   154874.9103  EEL     =  -134163.9702  HBOND      =        0.0000
 1-4 VDW =    14600.1245  1-4 EEL =   -12696.3511  RESTRAINT  =      135.1075
 EAMBER  =   229909.2043
 NMR restraints: Bond =    0.000   Angle =     0.000   Torsion =     0.000
===============================================================================


   NSTEP       ENERGY          RMS            GMAX         NAME    NUMBER
    100      -8.3504E+04     1.3514E+01     2.7904E+03     C110    21390

 BOND    =    19065.1033  ANGLE   =    32631.0333  DIHED      =    11875.8049
 VDWAALS =    24852.1230  EEL     =  -166333.7879  HBOND      =        0.0000
 1-4 VDW =     7126.2724  1-4 EEL =   -13178.2607  RESTRAINT  =      457.5658
 EAMBER  =   -83961.7117
 NMR restraints: Bond =    0.000   Angle =     0.000   Torsion =     0.000
===============================================================================


   NSTEP       ENERGY          RMS            GMAX         NAME    NUMBER
    150      -1.6137E+05     6.4103E+00     9.2610E+02     C19     21254

 BOND    =    12187.6451  ANGLE   =    17390.5019  DIHED      =    11477.2419
 VDWAALS =     8635.2072  EEL     =  -203981.9007  HBOND      =        0.0000
 1-4 VDW =     5225.7229  1-4 EEL =   -12987.0491  RESTRAINT  =      679.9645
 EAMBER  =  -162052.6308
 NMR restraints: Bond =    0.000   Angle =     0.000   Torsion =     0.000
===============================================================================


   NSTEP       ENERGY          RMS            GMAX         NAME    NUMBER
    200      -1.9363E+05     4.0728E+00     1.1418E+03     C        4633

 BOND    =    11452.4341  ANGLE   =    10087.6852  DIHED      =    11508.4251
 VDWAALS =     6706.3570  EEL     =  -225806.1596  HBOND      =        0.0000
 1-4 VDW =     4322.6608  1-4 EEL =   -12616.1218  RESTRAINT  =      714.9949
 EAMBER  =  -194344.7191
 NMR restraints: Bond =    0.000   Angle =     0.000   Torsion =     0.000
===============================================================================


   NSTEP       ENERGY          RMS            GMAX         NAME    NUMBER
    250      -2.0863E+05     5.1750E+00     9.3459E+02     N        4611

 BOND    =    12397.8321  ANGLE   =     6883.2403  DIHED      =    11433.2636
 VDWAALS =     7088.6594  EEL     =  -238537.0433  HBOND      =        0.0000
 1-4 VDW =     3833.3513  1-4 EEL =   -12434.4717  RESTRAINT  =      707.1027
 EAMBER  =  -209335.1683
 NMR restraints: Bond =    0.000   Angle =     0.000   Torsion =     0.000
===============================================================================


   NSTEP       ENERGY          RMS            GMAX         NAME    NUMBER
    300      -2.1862E+05     3.5503E+00     9.6266E+02     C        4633

 BOND    =    12255.7173  ANGLE   =     5423.0537  DIHED      =    11214.1047
 VDWAALS =     7944.8756  EEL     =  -247334.7243  HBOND      =        0.0000
 1-4 VDW =     3592.6936  1-4 EEL =   -12358.1093  RESTRAINT  =      644.4036
 EAMBER  =  -219262.3888
 NMR restraints: Bond =    0.000   Angle =     0.000   Torsion =     0.000
===============================================================================


   NSTEP       ENERGY          RMS            GMAX         NAME    NUMBER
    350      -2.2541E+05     2.3805E+00     7.2162E+02     C        4633

 BOND    =    12411.8682  ANGLE   =     4778.9485  DIHED      =    10972.4324
 VDWAALS =     8960.3672  EEL     =  -254297.5722  HBOND      =        0.0000
 1-4 VDW =     3476.1284  1-4 EEL =   -12314.7796  RESTRAINT  =      604.9997
 EAMBER  =  -226012.6070
 NMR restraints: Bond =    0.000   Angle =     0.000   Torsion =     0.000
===============================================================================


   NSTEP       ENERGY          RMS            GMAX         NAME    NUMBER
    400      -2.3032E+05     7.5235E-01     9.0140E+01     C        4633

 BOND    =    12585.2131  ANGLE   =     4398.1240  DIHED      =    10790.6579
 VDWAALS =     9950.5581  EEL     =  -259723.6839  HBOND      =        0.0000
 1-4 VDW =     3407.6860  1-4 EEL =   -12298.2803  RESTRAINT  =      570.2573
 EAMBER  =  -230889.7251
 NMR restraints: Bond =    0.000   Angle =     0.000   Torsion =     0.000
===============================================================================


   NSTEP       ENERGY          RMS            GMAX         NAME    NUMBER
    450      -2.3408E+05     2.0141E+00     5.4618E+02     C        4633

 BOND    =    12985.0226  ANGLE   =     4145.2502  DIHED      =    10631.8660
 VDWAALS =    10943.3306  EEL     =  -264394.9529  HBOND      =        0.0000
 1-4 VDW =     3354.4390  1-4 EEL =   -12289.2604  RESTRAINT  =      545.9462
 EAMBER  =  -234624.3051
 NMR restraints: Bond =    0.000   Angle =     0.000   Torsion =     0.000
===============================================================================


   NSTEP       ENERGY          RMS            GMAX         NAME    NUMBER
    500      -2.3745E+05     5.9772E-01     2.9951E+01     H1      30851

 BOND    =    13158.0369  ANGLE   =     3919.8799  DIHED      =    10492.8176
 VDWAALS =    11902.9291  EEL     =  -268470.6141  HBOND      =        0.0000
 1-4 VDW =     3313.5292  1-4 EEL =   -12283.7787  RESTRAINT  =      519.5732
 EAMBER  =  -237967.2000
 NMR restraints: Bond =    0.000   Angle =     0.000   Torsion =     0.000
===============================================================================


   NSTEP       ENERGY          RMS            GMAX         NAME    NUMBER
    550      -2.4832E+05     2.5522E+00     1.5895E+02     C        3282

 BOND    =    15292.1529  ANGLE   =     3586.7750  DIHED      =     9987.6540
 VDWAALS =    17312.1114  EEL     =  -285882.8687  HBOND      =        0.0000
 1-4 VDW =     3197.2599  1-4 EEL =   -12241.1102  RESTRAINT  =      431.1045
 EAMBER  =  -248748.0257
 NMR restraints: Bond =    0.000   Angle =     0.000   Torsion =     0.000
===============================================================================


   NSTEP       ENERGY          RMS            GMAX         NAME    NUMBER
    600      -2.5249E+05     1.7201E+00     1.1828E+02     C111     8569

 BOND    =    15040.7640  ANGLE   =     3352.5066  DIHED      =     9858.4488
 VDWAALS =    19021.7527  EEL     =  -291093.5122  HBOND      =        0.0000
 1-4 VDW =     3179.6607  1-4 EEL =   -12247.3564  RESTRAINT  =      401.8592
 EAMBER  =  -252887.7360
 NMR restraints: Bond =    0.000   Angle =     0.000   Torsion =     0.000
===============================================================================


   NSTEP       ENERGY          RMS            GMAX         NAME    NUMBER
    650      -2.5524E+05     1.4702E+00     1.0820E+02     H2      74694

 BOND    =    15258.0952  ANGLE   =     3139.4537  DIHED      =     9782.5892
 VDWAALS =    20098.7842  EEL     =  -294813.7426  HBOND      =        0.0000
 1-4 VDW =     3164.7052  1-4 EEL =   -12258.0043  RESTRAINT  =      384.6257
 EAMBER  =  -255628.1194
 NMR restraints: Bond =    0.000   Angle =     0.000   Torsion =     0.000
===============================================================================


   NSTEP       ENERGY          RMS            GMAX         NAME    NUMBER
    700      -2.5734E+05     1.2527E+00     9.8108E+01     N31     21349

 BOND    =    15467.8881  ANGLE   =     3007.1213  DIHED      =     9727.1391
 VDWAALS =    21073.4673  EEL     =  -297885.8221  HBOND      =        0.0000
 1-4 VDW =     3155.2799  1-4 EEL =   -12258.0253  RESTRAINT  =      370.8676
 EAMBER  =  -257712.9517
 NMR restraints: Bond =    0.000   Angle =     0.000   Torsion =     0.000
===============================================================================


   NSTEP       ENERGY          RMS            GMAX         NAME    NUMBER
    750      -2.5906E+05     1.1241E+00     9.3157E+01     N31     21349

 BOND    =    15651.1837  ANGLE   =     2907.1084  DIHED      =     9683.8775
 VDWAALS =    21935.2566  EEL     =  -300489.2275  HBOND      =        0.0000
 1-4 VDW =     3147.2624  1-4 EEL =   -12253.5454  RESTRAINT  =      359.6238
 EAMBER  =  -259418.0843
 NMR restraints: Bond =    0.000   Angle =     0.000   Torsion =     0.000
===============================================================================


   NSTEP       ENERGY          RMS            GMAX         NAME    NUMBER
    800      -2.6051E+05     1.0320E+00     8.5621E+01     N31     21349

 BOND    =    15814.3025  ANGLE   =     2808.2921  DIHED      =     9658.9068
 VDWAALS =    22675.8049  EEL     =  -302706.3942  HBOND      =        0.0000
 1-4 VDW =     3139.3847  1-4 EEL =   -12251.1405  RESTRAINT  =      351.1685
 EAMBER  =  -260860.8438
 NMR restraints: Bond =    0.000   Angle =     0.000   Torsion =     0.000
===============================================================================


   NSTEP       ENERGY          RMS            GMAX         NAME    NUMBER
    850      -2.6177E+05     9.2806E-01     7.4331E+01     N31     21349

 BOND    =    15950.9225  ANGLE   =     2682.2528  DIHED      =     9653.1170
 VDWAALS =    23301.9734  EEL     =  -304577.8135  HBOND      =        0.0000
 1-4 VDW =     3132.0509  1-4 EEL =   -12253.9236  RESTRAINT  =      345.1164
 EAMBER  =  -262111.4204
 NMR restraints: Bond =    0.000   Angle =     0.000   Torsion =     0.000
===============================================================================


   NSTEP       ENERGY          RMS            GMAX         NAME    NUMBER
    900      -2.6284E+05     8.7278E-01     6.7968E+01     N31     21349

 BOND    =    16079.2930  ANGLE   =     2615.7605  DIHED      =     9621.4619
 VDWAALS =    23864.3893  EEL     =  -306232.4094  HBOND      =        0.0000
 1-4 VDW =     3126.4194  1-4 EEL =   -12254.7005  RESTRAINT  =      340.1962
 EAMBER  =  -263179.7857
 NMR restraints: Bond =    0.000   Angle =     0.000   Torsion =     0.000
===============================================================================


   NSTEP       ENERGY          RMS            GMAX         NAME    NUMBER
    950      -2.6381E+05     8.2307E-01     6.7567E+01     C        3282

 BOND    =    16188.9372  ANGLE   =     2558.6731  DIHED      =     9589.1486
 VDWAALS =    24369.6321  EEL     =  -307715.1058  HBOND      =        0.0000
 1-4 VDW =     3121.9150  1-4 EEL =   -12254.4187  RESTRAINT  =      335.8532
 EAMBER  =  -264141.2185
 NMR restraints: Bond =    0.000   Angle =     0.000   Torsion =     0.000
===============================================================================


   NSTEP       ENERGY          RMS            GMAX         NAME    NUMBER
   1000      -2.6470E+05     7.5581E-01     5.8867E+01     N31     21349

 BOND    =    16288.7971  ANGLE   =     2510.4578  DIHED      =     9532.5179
 VDWAALS =    24835.7363  EEL     =  -309061.8053  HBOND      =        0.0000
 1-4 VDW =     3117.4649  1-4 EEL =   -12253.1279  RESTRAINT  =      331.9199
 EAMBER  =  -265029.9592
 NMR restraints: Bond =    0.000   Angle =     0.000   Torsion =     0.000
===============================================================================


   NSTEP       ENERGY          RMS            GMAX         NAME    NUMBER
   1050      -2.6549E+05     6.9265E-01     5.3296E+01     N31     21349

 BOND    =    16373.4470  ANGLE   =     2460.0017  DIHED      =     9505.6141
 VDWAALS =    25242.1301  EEL     =  -310261.7426  HBOND      =        0.0000
 1-4 VDW =     3113.7196  1-4 EEL =   -12252.0967  RESTRAINT  =      328.4897
 EAMBER  =  -265818.9270
 NMR restraints: Bond =    0.000   Angle =     0.000   Torsion =     0.000
===============================================================================


   NSTEP       ENERGY          RMS            GMAX         NAME    NUMBER
   1100      -2.6619E+05     6.5049E-01     4.9142E+01     N31     21349

 BOND    =    16455.2133  ANGLE   =     2425.3080  DIHED      =     9482.2475
 VDWAALS =    25608.4197  EEL     =  -311350.8790  HBOND      =        0.0000
 1-4 VDW =     3110.9342  1-4 EEL =   -12250.5404  RESTRAINT  =      325.4251
 EAMBER  =  -266519.2967
 NMR restraints: Bond =    0.000   Angle =     0.000   Torsion =     0.000
===============================================================================


   NSTEP       ENERGY          RMS            GMAX         NAME    NUMBER
   1150      -2.6682E+05     6.2066E-01     4.7472E+01     N31     21349

 BOND    =    16526.7821  ANGLE   =     2399.0302  DIHED      =     9458.8727
 VDWAALS =    25942.4068  EEL     =  -312331.5424  HBOND      =        0.0000
 1-4 VDW =     3108.2448  1-4 EEL =   -12248.1162  RESTRAINT  =      322.5680
 EAMBER  =  -267144.3219
 NMR restraints: Bond =    0.000   Angle =     0.000   Torsion =     0.000
===============================================================================


   NSTEP       ENERGY          RMS            GMAX         NAME    NUMBER
   1200      -2.6738E+05     5.8853E-01     4.5561E+01     N31     21349

 BOND    =    16592.2158  ANGLE   =     2377.5959  DIHED      =     9436.6587
 VDWAALS =    26243.9219  EEL     =  -313212.4886  HBOND      =        0.0000
 1-4 VDW =     3106.1387  1-4 EEL =   -12246.9649  RESTRAINT  =      319.7078
 EAMBER  =  -267702.9226
 NMR restraints: Bond =    0.000   Angle =     0.000   Torsion =     0.000
===============================================================================


   NSTEP       ENERGY          RMS            GMAX         NAME    NUMBER
   1250      -2.6790E+05     5.7053E-01     4.3767E+01     N31     21349

 BOND    =    16654.7487  ANGLE   =     2358.7733  DIHED      =     9415.4551
 VDWAALS =    26515.3474  EEL     =  -314016.3839  HBOND      =        0.0000
 1-4 VDW =     3104.0159  1-4 EEL =   -12246.2373  RESTRAINT  =      316.9941
 EAMBER  =  -268214.2808
 NMR restraints: Bond =    0.000   Angle =     0.000   Torsion =     0.000
===============================================================================


   NSTEP       ENERGY          RMS            GMAX         NAME    NUMBER
   1300      -2.6838E+05     5.5235E-01     4.2274E+01     N31     21349

 BOND    =    16711.5984  ANGLE   =     2342.5849  DIHED      =     9395.0874
 VDWAALS =    26764.2497  EEL     =  -314766.0679  HBOND      =        0.0000
 1-4 VDW =     3101.8561  1-4 EEL =   -12245.5567  RESTRAINT  =      314.4113
 EAMBER  =  -268696.2481
 NMR restraints: Bond =    0.000   Angle =     0.000   Torsion =     0.000
===============================================================================


   NSTEP       ENERGY          RMS            GMAX         NAME    NUMBER
   1350      -2.6883E+05     5.3391E-01     4.1122E+01     N31     21349

 BOND    =    16766.3612  ANGLE   =     2327.5388  DIHED      =     9376.0357
 VDWAALS =    26994.4501  EEL     =  -315466.1740  HBOND      =        0.0000
 1-4 VDW =     3099.6790  1-4 EEL =   -12244.2985  RESTRAINT  =      311.9057
 EAMBER  =  -269146.4076
 NMR restraints: Bond =    0.000   Angle =     0.000   Torsion =     0.000
===============================================================================


   NSTEP       ENERGY          RMS            GMAX         NAME    NUMBER
   1400      -2.6926E+05     5.1904E-01     4.0623E+01     N31     21349

 BOND    =    16816.4292  ANGLE   =     2314.0914  DIHED      =     9358.3885
 VDWAALS =    27208.1415  EEL     =  -316119.0694  HBOND      =        0.0000
 1-4 VDW =     3097.9189  1-4 EEL =   -12243.0141  RESTRAINT  =      309.4574
 EAMBER  =  -269567.1141
 NMR restraints: Bond =    0.000   Angle =     0.000   Torsion =     0.000
===============================================================================


   NSTEP       ENERGY          RMS            GMAX         NAME    NUMBER
   1450      -2.6965E+05     5.0995E-01     4.0767E+01     N31     21349

 BOND    =    16865.3242  ANGLE   =     2301.8998  DIHED      =     9342.2592
 VDWAALS =    27409.1413  EEL     =  -316735.3899  HBOND      =        0.0000
 1-4 VDW =     3096.3669  1-4 EEL =   -12241.5256  RESTRAINT  =      307.0461
 EAMBER  =  -269961.9241
 NMR restraints: Bond =    0.000   Angle =     0.000   Torsion =     0.000
===============================================================================


   NSTEP       ENERGY          RMS            GMAX         NAME    NUMBER
   1500      -2.7003E+05     4.8615E-01     3.7448E+01     N31     21349

 BOND    =    16910.7345  ANGLE   =     2290.2188  DIHED      =     9327.7314
 VDWAALS =    27603.0831  EEL     =  -317317.2504  HBOND      =        0.0000
 1-4 VDW =     3095.1033  1-4 EEL =   -12241.5121  RESTRAINT  =      304.8559
 EAMBER  =  -270331.8914
 NMR restraints: Bond =    0.000   Angle =     0.000   Torsion =     0.000
===============================================================================


   NSTEP       ENERGY          RMS            GMAX         NAME    NUMBER
   1550      -2.7037E+05     4.7078E-01     3.4319E+01     N31     21349

 BOND    =    16957.2570  ANGLE   =     2279.0807  DIHED      =     9313.9433
 VDWAALS =    27792.5039  EEL     =  -317869.5127  HBOND      =        0.0000
 1-4 VDW =     3093.8634  1-4 EEL =   -12241.9295  RESTRAINT  =      302.8306
 EAMBER  =  -270674.7939
 NMR restraints: Bond =    0.000   Angle =     0.000   Torsion =     0.000
===============================================================================


   NSTEP       ENERGY          RMS            GMAX         NAME    NUMBER
   1600      -2.7069E+05     4.6743E-01     3.3447E+01     N31     21349

 BOND    =    16999.7172  ANGLE   =     2269.0159  DIHED      =     9300.5324
 VDWAALS =    27974.2652  EEL     =  -318389.1064  HBOND      =        0.0000
 1-4 VDW =     3092.7644  1-4 EEL =   -12242.6169  RESTRAINT  =      301.0456
 EAMBER  =  -270995.4280
 NMR restraints: Bond =    0.000   Angle =     0.000   Torsion =     0.000
===============================================================================


   NSTEP       ENERGY          RMS            GMAX         NAME    NUMBER
   1650      -2.7100E+05     4.6238E-01     3.2237E+01     N31     21349

 BOND    =    17040.3827  ANGLE   =     2260.0742  DIHED      =     9288.2489
 VDWAALS =    28144.4238  EEL     =  -318885.6630  HBOND      =        0.0000
 1-4 VDW =     3091.4504  1-4 EEL =   -12242.5400  RESTRAINT  =      299.4937
 EAMBER  =  -271303.6231
 NMR restraints: Bond =    0.000   Angle =     0.000   Torsion =     0.000
===============================================================================


   NSTEP       ENERGY          RMS            GMAX         NAME    NUMBER
   1700      -2.7130E+05     4.4609E-01     3.1234E+01     N31     21349

 BOND    =    17078.9470  ANGLE   =     2251.7150  DIHED      =     9276.8056
 VDWAALS =    28302.8287  EEL     =  -319354.0674  HBOND      =        0.0000
 1-4 VDW =     3090.0709  1-4 EEL =   -12242.9845  RESTRAINT  =      297.9792
 EAMBER  =  -271596.6847
 NMR restraints: Bond =    0.000   Angle =     0.000   Torsion =     0.000
===============================================================================


   NSTEP       ENERGY          RMS            GMAX         NAME    NUMBER
   1750      -2.7157E+05     4.2565E-01     2.7920E+01     N31     21349

 BOND    =    17113.6738  ANGLE   =     2244.0797  DIHED      =     9265.9229
 VDWAALS =    28453.1105  EEL     =  -319791.5827  HBOND      =        0.0000
 1-4 VDW =     3088.6073  1-4 EEL =   -12243.2982  RESTRAINT  =      296.4991
 EAMBER  =  -271869.4868
 NMR restraints: Bond =    0.000   Angle =     0.000   Torsion =     0.000
===============================================================================


   NSTEP       ENERGY          RMS            GMAX         NAME    NUMBER
   1800      -2.7183E+05     4.1882E-01     2.5513E+01     N31     21349

 BOND    =    17147.4475  ANGLE   =     2238.2396  DIHED      =     9255.7123
 VDWAALS =    28593.4984  EEL     =  -320200.2534  HBOND      =        0.0000
 1-4 VDW =     3087.4234  1-4 EEL =   -12244.1401  RESTRAINT  =      295.1523
 EAMBER  =  -272122.0721
 NMR restraints: Bond =    0.000   Angle =     0.000   Torsion =     0.000
===============================================================================


   NSTEP       ENERGY          RMS            GMAX         NAME    NUMBER
   1850      -2.7207E+05     4.1016E-01     2.3771E+01     N31     21349

 BOND    =    17178.0793  ANGLE   =     2231.9986  DIHED      =     9245.9927
 VDWAALS =    28724.5887  EEL     =  -320585.9592  HBOND      =        0.0000
 1-4 VDW =     3086.2387  1-4 EEL =   -12243.8339  RESTRAINT  =      294.0348
 EAMBER  =  -272362.8951
 NMR restraints: Bond =    0.000   Angle =     0.000   Torsion =     0.000
===============================================================================


   NSTEP       ENERGY          RMS            GMAX         NAME    NUMBER
   1900      -2.7230E+05     4.0051E-01     2.2182E+01     N31     21349

 BOND    =    17207.8042  ANGLE   =     2227.0443  DIHED      =     9237.5081
 VDWAALS =    28845.1396  EEL     =  -320952.9189  HBOND      =        0.0000
 1-4 VDW =     3085.2951  1-4 EEL =   -12244.0584  RESTRAINT  =      292.7755
 EAMBER  =  -272594.1860
 NMR restraints: Bond =    0.000   Angle =     0.000   Torsion =     0.000
===============================================================================


   NSTEP       ENERGY          RMS            GMAX         NAME    NUMBER
   1950      -2.7253E+05     3.8049E-01     2.0947E+01     N31     21349

 BOND    =    17235.8339  ANGLE   =     2221.9005  DIHED      =     9229.9256
 VDWAALS =    28959.0845  EEL     =  -321304.3553  HBOND      =        0.0000
 1-4 VDW =     3084.5055  1-4 EEL =   -12244.0071  RESTRAINT  =      291.8517
 EAMBER  =  -272817.1124
 NMR restraints: Bond =    0.000   Angle =     0.000   Torsion =     0.000
===============================================================================


   NSTEP       ENERGY          RMS            GMAX         NAME    NUMBER
   2000      -2.7274E+05     3.6420E-01     2.0039E+01     N31     21349

 BOND    =    17264.0424  ANGLE   =     2216.6112  DIHED      =     9222.5445
 VDWAALS =    29070.9446  EEL     =  -321641.5782  HBOND      =        0.0000
 1-4 VDW =     3083.7893  1-4 EEL =   -12244.3007  RESTRAINT  =      290.6964
 EAMBER  =  -273027.9469
 NMR restraints: Bond =    0.000   Angle =     0.000   Torsion =     0.000
===============================================================================


  Maximum number of minimization cycles reached.


                    FINAL RESULTS



   NSTEP       ENERGY          RMS            GMAX         NAME    NUMBER
   2000      -2.7274E+05     3.6420E-01     2.0039E+01     N31     21349

 BOND    =    17264.0424  ANGLE   =     2216.6112  DIHED      =     9222.5445
 VDWAALS =    29070.9446  EEL     =  -321641.5782  HBOND      =        0.0000
 1-4 VDW =     3083.7893  1-4 EEL =   -12244.3007  RESTRAINT  =      290.6964
 EAMBER  =  -273027.9469
 NMR restraints: Bond =    0.000   Angle =     0.000   Torsion =     0.000
===============================================================================
 ------------------------------------------------------------------------------


 Final Restraint Analysis for coords: mini.rst7                               


 Restraints, deviations, and energy contributions:    pencut =   -1.00

 ------------------------------------------------------------------------------
     First atom        Last atom    curr. value target deviation  penalty
 ------------------------------------------------------------------------------
  CA   ASP   92 --  CA   MET   61:    6.950    6.976    0.026    0.000 d    0: 0
  CA   MET   61 --  CA   TYR  257:    7.045    7.131    0.087    0.000 d    0: 0
  CA   TYR  257 --  CA   ASP   92:    9.904    9.894    0.010    0.000 d    0: 0
  CA   ASP   92 --  O1   g1i  286:    8.753    8.748    0.005    0.000 d    0: 0
  CA   MET   61 --  O1   g1i  286:  134.390  135.165    0.774    0.000 a
  CA   MET   61 --  CA   ASP   92:  -21.111  -22.273    1.162    0.000 t
  CA   ASP   92 --  C8   g1i  286:   55.659   54.592    1.068    0.000 a
  CA   ASP   92 --  O1   g1i  286:   84.911   86.856    1.946    0.000 t
  O1   g1i  286 --  C8   g1i  286:  -39.700  -39.239    0.461    0.000 t
  C1   g1i  286 --  C2   g1i  286:   -0.203    0.120    0.323    0.000 t
  C9   g1i  286 --  N1   g1i  286:  -73.793  -78.736    4.943    0.000 t
  C8   g1i  286 --  C9   g1i  286: -171.313 -165.508    5.804    0.000 t
  C10  g1i  286 --  C9   g1i  286: -171.551 -173.643    2.091    0.000 t
  C7   g1i  286 --  C8   g1i  286:    6.882    2.648    4.234    0.000 t
  C5   g1i  286 --  C7   g1i  286: -160.355 -158.065    2.291    0.000 t
  C4   g1i  286 --  C5   g1i  286:   -0.705   -0.432    0.274    0.000 t
  C1   g1i  286 --  C6   g1i  286:   -0.659   -0.400    0.258    0.000 t
  C3   g1i  286 --  C4   g1i  286:   -0.158    0.143    0.301    0.000 t
  C2   g1i  286 --  C3   g1i  286:    0.611   -0.012    0.624    0.000 t
  C6   g1i  286 --  C5   g1i  286:    1.108    0.544    0.565    0.000 t
  C6   g1i  286 --  C10  g1i  286:  135.523  135.839    0.315    0.000 t
 ------------------------------------------------------------------------------
--------------------------------------------------------------------------------
   5.  TIMINGS
--------------------------------------------------------------------------------

|  NonSetup CPU Time in Major Routines, Average for All Tasks:
|
|     Routine           Sec        %
|     ------------------------------
|     DataDistrib      21.85   11.27
|     Nonbond         158.97   81.96
|     Bond              0.86    0.44
|     Angle             1.41    0.73
|     Dihedral         10.13    5.22
|     Shake             0.00    0.00
|     Other             0.75    0.39
|     ------------------------------
|     Total           193.96

|  PME Nonbond Pairlist CPU Time, Average for All Tasks:
|
|     Routine              Sec        %
|     ---------------------------------
|     Set Up Cit           0.28    0.14
|     Build List           7.69    3.96
|     ---------------------------------
|     Total                7.97    4.11

|  PME Direct Force CPU Time, Average for All Tasks:
|
|     Routine              Sec        %
|     ---------------------------------
|     NonBonded Calc     113.36   58.44
|     Exclude Masked       2.47    1.27
|     Other                2.81    1.45
|     ---------------------------------
|     Total              118.63   61.16

|  PME Reciprocal Force CPU Time, Average for All Tasks:
|
|     Routine              Sec        %
|     ---------------------------------
|     1D bspline           2.82    1.46
|     Grid Charges         4.86    2.51
|     Scalar Sum           2.46    1.27
|     Gradient Sum         3.02    1.55
|     FFT                 18.62    9.60
|     ---------------------------------
|     Total               31.79   16.39

|  PME Load Balancing CPU Time, Average for All Tasks:
|
|     Routine                 Sec        %
|     ------------------------------------
|     Atom Reassign           0.00    0.00
|     Image Reassign          0.00    0.00
|     FFT Reassign            0.00    0.00
|     ------------------------------------
|     Total                   0.00    0.00

|  Master Setup CPU time:            1.34 seconds
|  Master NonSetup CPU time:       193.34 seconds
|  Master Total CPU time:          194.68 seconds     0.05 hours

|  Master Setup wall time:           4    seconds
|  Master NonSetup wall time:      195    seconds
|  Master Total wall time:         199    seconds     0.06 hours
